Archive member included to satisfy reference by file (symbol)

c:/program files (x86)/atmel/studio/7.0/toolchain/avr8/avr8-gnu-toolchain/bin/../lib/gcc/avr/5.4.0/avr4\libgcc.a(_exit.o)
                              C:/Program Files (x86)/Atmel/Studio/7.0/Packs/Atmel/ATmega_DFP/1.6.364/gcc/dev/atmega48/avr4/crtatmega48.o (exit)
c:/program files (x86)/atmel/studio/7.0/toolchain/avr8/avr8-gnu-toolchain/bin/../lib/gcc/avr/5.4.0/avr4\libgcc.a(_copy_data.o)
                              examples/src/usart_basic_example.o (__do_copy_data)
c:/program files (x86)/atmel/studio/7.0/toolchain/avr8/avr8-gnu-toolchain/bin/../lib/gcc/avr/5.4.0/avr4\libgcc.a(_clear_bss.o)
                              examples/src/adc_basic_example.o (__do_clear_bss)
c:/program files (x86)/atmel/studio/7.0/toolchain/avr8/avr8-gnu-toolchain/bin/../lib/gcc/avr/5.4.0/../../../../avr/lib/avr4\libc.a(memset.o)
                              examples/src/usart_basic_example.o (memset)
c:/program files (x86)/atmel/studio/7.0/toolchain/avr8/avr8-gnu-toolchain/bin/../lib/gcc/avr/5.4.0/../../../../avr/lib/avr4\libc.a(strncmp.o)
                              examples/src/usart_basic_example.o (strncmp)
c:/program files (x86)/atmel/studio/7.0/toolchain/avr8/avr8-gnu-toolchain/bin/../lib/gcc/avr/5.4.0/../../../../avr/lib/avr4\libc.a(printf.o)
                              examples/src/usart_basic_example.o (printf)
c:/program files (x86)/atmel/studio/7.0/toolchain/avr8/avr8-gnu-toolchain/bin/../lib/gcc/avr/5.4.0/../../../../avr/lib/avr4\libc.a(vfprintf_std.o)
                              c:/program files (x86)/atmel/studio/7.0/toolchain/avr8/avr8-gnu-toolchain/bin/../lib/gcc/avr/5.4.0/../../../../avr/lib/avr4\libc.a(printf.o) (vfprintf)
c:/program files (x86)/atmel/studio/7.0/toolchain/avr8/avr8-gnu-toolchain/bin/../lib/gcc/avr/5.4.0/../../../../avr/lib/avr4\libc.a(strnlen_P.o)
                              c:/program files (x86)/atmel/studio/7.0/toolchain/avr8/avr8-gnu-toolchain/bin/../lib/gcc/avr/5.4.0/../../../../avr/lib/avr4\libc.a(vfprintf_std.o) (strnlen_P)
c:/program files (x86)/atmel/studio/7.0/toolchain/avr8/avr8-gnu-toolchain/bin/../lib/gcc/avr/5.4.0/../../../../avr/lib/avr4\libc.a(strnlen.o)
                              c:/program files (x86)/atmel/studio/7.0/toolchain/avr8/avr8-gnu-toolchain/bin/../lib/gcc/avr/5.4.0/../../../../avr/lib/avr4\libc.a(vfprintf_std.o) (strnlen)
c:/program files (x86)/atmel/studio/7.0/toolchain/avr8/avr8-gnu-toolchain/bin/../lib/gcc/avr/5.4.0/../../../../avr/lib/avr4\libc.a(fputc.o)
                              c:/program files (x86)/atmel/studio/7.0/toolchain/avr8/avr8-gnu-toolchain/bin/../lib/gcc/avr/5.4.0/../../../../avr/lib/avr4\libc.a(vfprintf_std.o) (fputc)
c:/program files (x86)/atmel/studio/7.0/toolchain/avr8/avr8-gnu-toolchain/bin/../lib/gcc/avr/5.4.0/../../../../avr/lib/avr4\libc.a(iob.o)
                              c:/program files (x86)/atmel/studio/7.0/toolchain/avr8/avr8-gnu-toolchain/bin/../lib/gcc/avr/5.4.0/../../../../avr/lib/avr4\libc.a(printf.o) (__iob)
c:/program files (x86)/atmel/studio/7.0/toolchain/avr8/avr8-gnu-toolchain/bin/../lib/gcc/avr/5.4.0/../../../../avr/lib/avr4\libc.a(ultoa_invert.o)
                              c:/program files (x86)/atmel/studio/7.0/toolchain/avr8/avr8-gnu-toolchain/bin/../lib/gcc/avr/5.4.0/../../../../avr/lib/avr4\libc.a(vfprintf_std.o) (__ultoa_invert)
c:/program files (x86)/atmel/studio/7.0/toolchain/avr8/avr8-gnu-toolchain/bin/../lib/gcc/avr/5.4.0/avr4\libgcc.a(_prologue.o)
                              c:/program files (x86)/atmel/studio/7.0/toolchain/avr8/avr8-gnu-toolchain/bin/../lib/gcc/avr/5.4.0/../../../../avr/lib/avr4\libc.a(printf.o) (__prologue_saves__)
c:/program files (x86)/atmel/studio/7.0/toolchain/avr8/avr8-gnu-toolchain/bin/../lib/gcc/avr/5.4.0/avr4\libgcc.a(_epilogue.o)
                              c:/program files (x86)/atmel/studio/7.0/toolchain/avr8/avr8-gnu-toolchain/bin/../lib/gcc/avr/5.4.0/../../../../avr/lib/avr4\libc.a(printf.o) (__epilogue_restores__)

Allocating common symbols
Common symbol       size              file

ADC_0_measurement_normalized
                    0x1               examples/src/adc_basic_example.o
ADC_0_measurement   0x2               examples/src/adc_basic_example.o
__iob               0x6               c:/program files (x86)/atmel/studio/7.0/toolchain/avr8/avr8-gnu-toolchain/bin/../lib/gcc/avr/5.4.0/../../../../avr/lib/avr4\libc.a(iob.o)

Discarded input sections

 .data          0x00000000        0x0 C:/Program Files (x86)/Atmel/Studio/7.0/Packs/Atmel/ATmega_DFP/1.6.364/gcc/dev/atmega48/avr4/crtatmega48.o
 .bss           0x00000000        0x0 C:/Program Files (x86)/Atmel/Studio/7.0/Packs/Atmel/ATmega_DFP/1.6.364/gcc/dev/atmega48/avr4/crtatmega48.o
 .group         0x00000000        0x8 atmel_start.o
 .group         0x00000000        0x8 atmel_start.o
 .group         0x00000000        0x8 atmel_start.o
 .group         0x00000000        0x8 atmel_start.o
 .group         0x00000000        0x8 atmel_start.o
 .group         0x00000000        0x8 atmel_start.o
 .group         0x00000000        0x8 atmel_start.o
 .group         0x00000000        0x8 atmel_start.o
 .group         0x00000000        0x8 atmel_start.o
 .group         0x00000000        0x8 atmel_start.o
 .group         0x00000000        0x8 atmel_start.o
 .group         0x00000000        0x8 atmel_start.o
 .group         0x00000000        0x8 atmel_start.o
 .group         0x00000000        0x8 atmel_start.o
 .group         0x00000000        0x8 atmel_start.o
 .group         0x00000000        0x8 atmel_start.o
 .group         0x00000000        0x8 atmel_start.o
 .group         0x00000000        0x8 atmel_start.o
 .group         0x00000000        0x8 atmel_start.o
 .group         0x00000000        0x8 atmel_start.o
 .group         0x00000000        0x8 atmel_start.o
 .group         0x00000000        0x8 atmel_start.o
 .text          0x00000000        0x0 atmel_start.o
 .data          0x00000000        0x0 atmel_start.o
 .bss           0x00000000        0x0 atmel_start.o
 .group         0x00000000        0x8 driver_isr.o
 .group         0x00000000        0x8 driver_isr.o
 .group         0x00000000        0x8 driver_isr.o
 .group         0x00000000        0x8 driver_isr.o
 .group         0x00000000        0x8 driver_isr.o
 .group         0x00000000        0x8 driver_isr.o
 .group         0x00000000        0x8 driver_isr.o
 .group         0x00000000        0x8 driver_isr.o
 .group         0x00000000        0x8 driver_isr.o
 .group         0x00000000        0x8 driver_isr.o
 .group         0x00000000        0x8 driver_isr.o
 .group         0x00000000        0x8 driver_isr.o
 .group         0x00000000        0x8 driver_isr.o
 .group         0x00000000        0x8 driver_isr.o
 .group         0x00000000        0x8 driver_isr.o
 .group         0x00000000        0x8 driver_isr.o
 .group         0x00000000        0x8 driver_isr.o
 .group         0x00000000        0x8 driver_isr.o
 .group         0x00000000        0x8 driver_isr.o
 .group         0x00000000        0x8 driver_isr.o
 .group         0x00000000        0x8 driver_isr.o
 .group         0x00000000        0x8 driver_isr.o
 .text          0x00000000        0x0 driver_isr.o
 .data          0x00000000        0x0 driver_isr.o
 .bss           0x00000000        0x0 driver_isr.o
 .debug_info    0x00000000       0x5a driver_isr.o
 .debug_abbrev  0x00000000       0x29 driver_isr.o
 .debug_aranges
                0x00000000       0x18 driver_isr.o
 .debug_macro   0x00000000      0x15e driver_isr.o
 .debug_macro   0x00000000      0xa42 driver_isr.o
 .debug_macro   0x00000000       0x10 driver_isr.o
 .debug_macro   0x00000000      0x1c9 driver_isr.o
 .debug_macro   0x00000000      0x2fc driver_isr.o
 .debug_macro   0x00000000       0x9e driver_isr.o
 .debug_macro   0x00000000      0xe58 driver_isr.o
 .debug_macro   0x00000000      0x139 driver_isr.o
 .debug_macro   0x00000000       0xbd driver_isr.o
 .debug_macro   0x00000000       0x34 driver_isr.o
 .debug_macro   0x00000000       0x18 driver_isr.o
 .debug_macro   0x00000000       0x34 driver_isr.o
 .debug_macro   0x00000000       0x10 driver_isr.o
 .debug_macro   0x00000000       0x22 driver_isr.o
 .debug_macro   0x00000000      0x16d driver_isr.o
 .debug_macro   0x00000000       0x1c driver_isr.o
 .debug_macro   0x00000000       0x35 driver_isr.o
 .debug_macro   0x00000000       0x66 driver_isr.o
 .debug_macro   0x00000000       0x69 driver_isr.o
 .debug_macro   0x00000000       0x22 driver_isr.o
 .debug_macro   0x00000000       0x1c driver_isr.o
 .debug_macro   0x00000000       0x22 driver_isr.o
 .debug_macro   0x00000000       0x3b driver_isr.o
 .debug_line    0x00000000      0x347 driver_isr.o
 .debug_str     0x00000000     0x6f10 driver_isr.o
 .comment       0x00000000       0x31 driver_isr.o
 .group         0x00000000        0x8 examples/src/adc_basic_example.o
 .group         0x00000000        0x8 examples/src/adc_basic_example.o
 .group         0x00000000        0x8 examples/src/adc_basic_example.o
 .group         0x00000000        0x8 examples/src/adc_basic_example.o
 .group         0x00000000        0x8 examples/src/adc_basic_example.o
 .group         0x00000000        0x8 examples/src/adc_basic_example.o
 .group         0x00000000        0x8 examples/src/adc_basic_example.o
 .group         0x00000000        0x8 examples/src/adc_basic_example.o
 .group         0x00000000        0x8 examples/src/adc_basic_example.o
 .group         0x00000000        0x8 examples/src/adc_basic_example.o
 .group         0x00000000        0x8 examples/src/adc_basic_example.o
 .group         0x00000000        0x8 examples/src/adc_basic_example.o
 .group         0x00000000        0x8 examples/src/adc_basic_example.o
 .group         0x00000000        0x8 examples/src/adc_basic_example.o
 .group         0x00000000        0x8 examples/src/adc_basic_example.o
 .group         0x00000000        0x8 examples/src/adc_basic_example.o
 .group         0x00000000        0x8 examples/src/adc_basic_example.o
 .group         0x00000000        0x8 examples/src/adc_basic_example.o
 .group         0x00000000        0x8 examples/src/adc_basic_example.o
 .group         0x00000000        0x8 examples/src/adc_basic_example.o
 .group         0x00000000        0x8 examples/src/adc_basic_example.o
 .group         0x00000000        0x8 examples/src/adc_basic_example.o
 .text          0x00000000        0x0 examples/src/adc_basic_example.o
 .data          0x00000000        0x0 examples/src/adc_basic_example.o
 .bss           0x00000000        0x0 examples/src/adc_basic_example.o
 .text.ADC_0_test_adc_basic
                0x00000000       0x46 examples/src/adc_basic_example.o
 .debug_info    0x00000000       0xcf examples/src/adc_basic_example.o
 .debug_abbrev  0x00000000       0x6e examples/src/adc_basic_example.o
 .debug_loc     0x00000000       0x55 examples/src/adc_basic_example.o
 .debug_aranges
                0x00000000       0x20 examples/src/adc_basic_example.o
 .debug_ranges  0x00000000       0x10 examples/src/adc_basic_example.o
 .debug_macro   0x00000000      0x168 examples/src/adc_basic_example.o
 .debug_macro   0x00000000      0xa42 examples/src/adc_basic_example.o
 .debug_macro   0x00000000       0x10 examples/src/adc_basic_example.o
 .debug_macro   0x00000000      0x1c9 examples/src/adc_basic_example.o
 .debug_macro   0x00000000      0x2fc examples/src/adc_basic_example.o
 .debug_macro   0x00000000       0x9e examples/src/adc_basic_example.o
 .debug_macro   0x00000000      0xe58 examples/src/adc_basic_example.o
 .debug_macro   0x00000000      0x139 examples/src/adc_basic_example.o
 .debug_macro   0x00000000       0xbd examples/src/adc_basic_example.o
 .debug_macro   0x00000000       0x34 examples/src/adc_basic_example.o
 .debug_macro   0x00000000       0x18 examples/src/adc_basic_example.o
 .debug_macro   0x00000000       0x34 examples/src/adc_basic_example.o
 .debug_macro   0x00000000       0x10 examples/src/adc_basic_example.o
 .debug_macro   0x00000000       0x22 examples/src/adc_basic_example.o
 .debug_macro   0x00000000      0x16d examples/src/adc_basic_example.o
 .debug_macro   0x00000000       0x1c examples/src/adc_basic_example.o
 .debug_macro   0x00000000       0x35 examples/src/adc_basic_example.o
 .debug_macro   0x00000000       0x66 examples/src/adc_basic_example.o
 .debug_macro   0x00000000       0x69 examples/src/adc_basic_example.o
 .debug_macro   0x00000000       0x22 examples/src/adc_basic_example.o
 .debug_macro   0x00000000       0x1c examples/src/adc_basic_example.o
 .debug_macro   0x00000000       0x22 examples/src/adc_basic_example.o
 .debug_macro   0x00000000       0x3b examples/src/adc_basic_example.o
 .debug_line    0x00000000      0x3ac examples/src/adc_basic_example.o
 .debug_str     0x00000000     0x6f99 examples/src/adc_basic_example.o
 .comment       0x00000000       0x31 examples/src/adc_basic_example.o
 .debug_frame   0x00000000       0x3c examples/src/adc_basic_example.o
 COMMON         0x00000000        0x3 examples/src/adc_basic_example.o
 .group         0x00000000        0x8 examples/src/usart_basic_example.o
 .group         0x00000000        0x8 examples/src/usart_basic_example.o
 .group         0x00000000        0x8 examples/src/usart_basic_example.o
 .group         0x00000000        0x8 examples/src/usart_basic_example.o
 .group         0x00000000        0x8 examples/src/usart_basic_example.o
 .group         0x00000000        0x8 examples/src/usart_basic_example.o
 .group         0x00000000        0x8 examples/src/usart_basic_example.o
 .group         0x00000000        0x8 examples/src/usart_basic_example.o
 .group         0x00000000        0x8 examples/src/usart_basic_example.o
 .group         0x00000000        0x8 examples/src/usart_basic_example.o
 .group         0x00000000        0x8 examples/src/usart_basic_example.o
 .group         0x00000000        0x8 examples/src/usart_basic_example.o
 .group         0x00000000        0x8 examples/src/usart_basic_example.o
 .group         0x00000000        0x8 examples/src/usart_basic_example.o
 .group         0x00000000        0x8 examples/src/usart_basic_example.o
 .group         0x00000000        0x8 examples/src/usart_basic_example.o
 .group         0x00000000        0x8 examples/src/usart_basic_example.o
 .group         0x00000000        0x8 examples/src/usart_basic_example.o
 .group         0x00000000        0x8 examples/src/usart_basic_example.o
 .group         0x00000000        0x8 examples/src/usart_basic_example.o
 .group         0x00000000        0x8 examples/src/usart_basic_example.o
 .group         0x00000000        0x8 examples/src/usart_basic_example.o
 .group         0x00000000        0x8 examples/src/usart_basic_example.o
 .group         0x00000000        0x8 examples/src/usart_basic_example.o
 .group         0x00000000        0x8 examples/src/usart_basic_example.o
 .group         0x00000000        0x8 examples/src/usart_basic_example.o
 .group         0x00000000        0x8 examples/src/usart_basic_example.o
 .group         0x00000000        0x8 examples/src/usart_basic_example.o
 .text          0x00000000        0x0 examples/src/usart_basic_example.o
 .data          0x00000000        0x0 examples/src/usart_basic_example.o
 .bss           0x00000000        0x0 examples/src/usart_basic_example.o
 .bss.rx        0x00000000       0x10 examples/src/usart_basic_example.o
 .rodata        0x00000000        0x9 examples/src/usart_basic_example.o
 .text.USART_0_test_usart_basic
                0x00000000       0x8e examples/src/usart_basic_example.o
 .debug_info    0x00000000       0xca examples/src/usart_basic_example.o
 .debug_abbrev  0x00000000       0x79 examples/src/usart_basic_example.o
 .debug_loc     0x00000000       0x62 examples/src/usart_basic_example.o
 .debug_aranges
                0x00000000       0x20 examples/src/usart_basic_example.o
 .debug_ranges  0x00000000       0x10 examples/src/usart_basic_example.o
 .debug_macro   0x00000000      0x1a0 examples/src/usart_basic_example.o
 .debug_macro   0x00000000      0xa42 examples/src/usart_basic_example.o
 .debug_macro   0x00000000      0x1c9 examples/src/usart_basic_example.o
 .debug_macro   0x00000000      0x2fc examples/src/usart_basic_example.o
 .debug_macro   0x00000000       0x58 examples/src/usart_basic_example.o
 .debug_macro   0x00000000       0x10 examples/src/usart_basic_example.o
 .debug_macro   0x00000000       0x97 examples/src/usart_basic_example.o
 .debug_macro   0x00000000       0xf2 examples/src/usart_basic_example.o
 .debug_macro   0x00000000       0x16 examples/src/usart_basic_example.o
 .debug_macro   0x00000000       0x20 examples/src/usart_basic_example.o
 .debug_macro   0x00000000       0x16 examples/src/usart_basic_example.o
 .debug_macro   0x00000000       0xaa examples/src/usart_basic_example.o
 .debug_macro   0x00000000      0xe58 examples/src/usart_basic_example.o
 .debug_macro   0x00000000      0x139 examples/src/usart_basic_example.o
 .debug_macro   0x00000000       0xbd examples/src/usart_basic_example.o
 .debug_macro   0x00000000       0x34 examples/src/usart_basic_example.o
 .debug_macro   0x00000000       0x18 examples/src/usart_basic_example.o
 .debug_macro   0x00000000       0x34 examples/src/usart_basic_example.o
 .debug_macro   0x00000000       0x10 examples/src/usart_basic_example.o
 .debug_macro   0x00000000       0x22 examples/src/usart_basic_example.o
 .debug_macro   0x00000000       0xf6 examples/src/usart_basic_example.o
 .debug_macro   0x00000000       0x1c examples/src/usart_basic_example.o
 .debug_macro   0x00000000       0x35 examples/src/usart_basic_example.o
 .debug_macro   0x00000000       0x5a examples/src/usart_basic_example.o
 .debug_macro   0x00000000       0x69 examples/src/usart_basic_example.o
 .debug_macro   0x00000000       0x22 examples/src/usart_basic_example.o
 .debug_macro   0x00000000       0x1c examples/src/usart_basic_example.o
 .debug_macro   0x00000000       0x22 examples/src/usart_basic_example.o
 .debug_macro   0x00000000       0x3b examples/src/usart_basic_example.o
 .debug_line    0x00000000      0x411 examples/src/usart_basic_example.o
 .debug_str     0x00000000     0x75b4 examples/src/usart_basic_example.o
 .comment       0x00000000       0x31 examples/src/usart_basic_example.o
 .debug_frame   0x00000000       0x40 examples/src/usart_basic_example.o
 .group         0x00000000        0x8 main.o
 .group         0x00000000        0x8 main.o
 .group         0x00000000        0x8 main.o
 .group         0x00000000        0x8 main.o
 .group         0x00000000        0x8 main.o
 .group         0x00000000        0x8 main.o
 .group         0x00000000        0x8 main.o
 .group         0x00000000        0x8 main.o
 .group         0x00000000        0x8 main.o
 .group         0x00000000        0x8 main.o
 .group         0x00000000        0x8 main.o
 .group         0x00000000        0x8 main.o
 .group         0x00000000        0x8 main.o
 .group         0x00000000        0x8 main.o
 .group         0x00000000        0x8 main.o
 .group         0x00000000        0x8 main.o
 .group         0x00000000        0x8 main.o
 .group         0x00000000        0x8 main.o
 .group         0x00000000        0x8 main.o
 .group         0x00000000        0x8 main.o
 .group         0x00000000        0x8 main.o
 .group         0x00000000        0x8 main.o
 .text          0x00000000        0x0 main.o
 .data          0x00000000        0x0 main.o
 .bss           0x00000000        0x0 main.o
 .debug_macro   0x00000000      0xa42 main.o
 .debug_macro   0x00000000       0x10 main.o
 .debug_macro   0x00000000      0x1c9 main.o
 .debug_macro   0x00000000      0x2fc main.o
 .debug_macro   0x00000000       0x9e main.o
 .debug_macro   0x00000000      0xe58 main.o
 .debug_macro   0x00000000      0x139 main.o
 .debug_macro   0x00000000       0xbd main.o
 .debug_macro   0x00000000       0x34 main.o
 .debug_macro   0x00000000       0x18 main.o
 .debug_macro   0x00000000       0x34 main.o
 .debug_macro   0x00000000       0x10 main.o
 .debug_macro   0x00000000       0x22 main.o
 .debug_macro   0x00000000      0x16d main.o
 .debug_macro   0x00000000       0x1c main.o
 .debug_macro   0x00000000       0x35 main.o
 .debug_macro   0x00000000       0x66 main.o
 .debug_macro   0x00000000       0x69 main.o
 .debug_macro   0x00000000       0x22 main.o
 .debug_macro   0x00000000       0x1c main.o
 .debug_macro   0x00000000       0x22 main.o
 .debug_macro   0x00000000       0x3b main.o
 .group         0x00000000        0x8 src/adc_basic.o
 .group         0x00000000        0x8 src/adc_basic.o
 .group         0x00000000        0x8 src/adc_basic.o
 .group         0x00000000        0x8 src/adc_basic.o
 .group         0x00000000        0x8 src/adc_basic.o
 .group         0x00000000        0x8 src/adc_basic.o
 .group         0x00000000        0x8 src/adc_basic.o
 .group         0x00000000        0x8 src/adc_basic.o
 .group         0x00000000        0x8 src/adc_basic.o
 .group         0x00000000        0x8 src/adc_basic.o
 .group         0x00000000        0x8 src/adc_basic.o
 .group         0x00000000        0x8 src/adc_basic.o
 .group         0x00000000        0x8 src/adc_basic.o
 .group         0x00000000        0x8 src/adc_basic.o
 .group         0x00000000        0x8 src/adc_basic.o
 .group         0x00000000        0x8 src/adc_basic.o
 .group         0x00000000        0x8 src/adc_basic.o
 .group         0x00000000        0x8 src/adc_basic.o
 .group         0x00000000        0x8 src/adc_basic.o
 .text          0x00000000        0x0 src/adc_basic.o
 .data          0x00000000        0x0 src/adc_basic.o
 .bss           0x00000000        0x0 src/adc_basic.o
 .text.ADC_0_enable
                0x00000000       0x22 src/adc_basic.o
 .text.ADC_0_disable
                0x00000000       0x22 src/adc_basic.o
 .text.ADC_0_get_resolution
                0x00000000       0x10 src/adc_basic.o
 .debug_macro   0x00000000      0xa42 src/adc_basic.o
 .debug_macro   0x00000000       0x10 src/adc_basic.o
 .debug_macro   0x00000000      0x1c9 src/adc_basic.o
 .debug_macro   0x00000000      0x2fc src/adc_basic.o
 .debug_macro   0x00000000       0x9e src/adc_basic.o
 .debug_macro   0x00000000      0xe58 src/adc_basic.o
 .debug_macro   0x00000000      0x139 src/adc_basic.o
 .debug_macro   0x00000000       0xbd src/adc_basic.o
 .debug_macro   0x00000000       0x34 src/adc_basic.o
 .debug_macro   0x00000000       0x18 src/adc_basic.o
 .debug_macro   0x00000000       0x34 src/adc_basic.o
 .debug_macro   0x00000000       0x10 src/adc_basic.o
 .debug_macro   0x00000000       0x22 src/adc_basic.o
 .debug_macro   0x00000000      0x16d src/adc_basic.o
 .debug_macro   0x00000000       0x1c src/adc_basic.o
 .debug_macro   0x00000000       0x35 src/adc_basic.o
 .debug_macro   0x00000000       0x66 src/adc_basic.o
 .debug_macro   0x00000000       0x69 src/adc_basic.o
 .debug_macro   0x00000000       0x22 src/adc_basic.o
 .group         0x00000000        0x8 src/driver_init.o
 .group         0x00000000        0x8 src/driver_init.o
 .group         0x00000000        0x8 src/driver_init.o
 .group         0x00000000        0x8 src/driver_init.o
 .group         0x00000000        0x8 src/driver_init.o
 .group         0x00000000        0x8 src/driver_init.o
 .group         0x00000000        0x8 src/driver_init.o
 .group         0x00000000        0x8 src/driver_init.o
 .group         0x00000000        0x8 src/driver_init.o
 .group         0x00000000        0x8 src/driver_init.o
 .group         0x00000000        0x8 src/driver_init.o
 .group         0x00000000        0x8 src/driver_init.o
 .group         0x00000000        0x8 src/driver_init.o
 .group         0x00000000        0x8 src/driver_init.o
 .group         0x00000000        0x8 src/driver_init.o
 .group         0x00000000        0x8 src/driver_init.o
 .group         0x00000000        0x8 src/driver_init.o
 .group         0x00000000        0x8 src/driver_init.o
 .group         0x00000000        0x8 src/driver_init.o
 .group         0x00000000        0x8 src/driver_init.o
 .group         0x00000000        0x8 src/driver_init.o
 .group         0x00000000        0x8 src/driver_init.o
 .group         0x00000000        0x8 src/driver_init.o
 .text          0x00000000        0x0 src/driver_init.o
 .data          0x00000000        0x0 src/driver_init.o
 .bss           0x00000000        0x0 src/driver_init.o
 .debug_macro   0x00000000      0xa42 src/driver_init.o
 .debug_macro   0x00000000       0x10 src/driver_init.o
 .debug_macro   0x00000000      0x1c9 src/driver_init.o
 .debug_macro   0x00000000      0x2fc src/driver_init.o
 .debug_macro   0x00000000       0x9e src/driver_init.o
 .debug_macro   0x00000000      0xe58 src/driver_init.o
 .debug_macro   0x00000000      0x139 src/driver_init.o
 .debug_macro   0x00000000       0xbd src/driver_init.o
 .debug_macro   0x00000000       0x34 src/driver_init.o
 .debug_macro   0x00000000       0x18 src/driver_init.o
 .debug_macro   0x00000000       0x34 src/driver_init.o
 .debug_macro   0x00000000       0x10 src/driver_init.o
 .debug_macro   0x00000000       0x22 src/driver_init.o
 .debug_macro   0x00000000      0x16d src/driver_init.o
 .debug_macro   0x00000000       0x1c src/driver_init.o
 .debug_macro   0x00000000       0x35 src/driver_init.o
 .debug_macro   0x00000000       0x66 src/driver_init.o
 .debug_macro   0x00000000       0x69 src/driver_init.o
 .debug_macro   0x00000000       0x22 src/driver_init.o
 .debug_macro   0x00000000       0x1c src/driver_init.o
 .debug_macro   0x00000000       0x22 src/driver_init.o
 .debug_macro   0x00000000       0x3b src/driver_init.o
 .text          0x00000000        0x0 src/protected_io.o
 .data          0x00000000        0x0 src/protected_io.o
 .bss           0x00000000        0x0 src/protected_io.o
 .group         0x00000000        0x8 src/usart_basic.o
 .group         0x00000000        0x8 src/usart_basic.o
 .group         0x00000000        0x8 src/usart_basic.o
 .group         0x00000000        0x8 src/usart_basic.o
 .group         0x00000000        0x8 src/usart_basic.o
 .group         0x00000000        0x8 src/usart_basic.o
 .group         0x00000000        0x8 src/usart_basic.o
 .group         0x00000000        0x8 src/usart_basic.o
 .group         0x00000000        0x8 src/usart_basic.o
 .group         0x00000000        0x8 src/usart_basic.o
 .group         0x00000000        0x8 src/usart_basic.o
 .group         0x00000000        0x8 src/usart_basic.o
 .group         0x00000000        0x8 src/usart_basic.o
 .group         0x00000000        0x8 src/usart_basic.o
 .group         0x00000000        0x8 src/usart_basic.o
 .group         0x00000000        0x8 src/usart_basic.o
 .group         0x00000000        0x8 src/usart_basic.o
 .group         0x00000000        0x8 src/usart_basic.o
 .group         0x00000000        0x8 src/usart_basic.o
 .group         0x00000000        0x8 src/usart_basic.o
 .group         0x00000000        0x8 src/usart_basic.o
 .group         0x00000000        0x8 src/usart_basic.o
 .group         0x00000000        0x8 src/usart_basic.o
 .text          0x00000000        0x0 src/usart_basic.o
 .data          0x00000000        0x0 src/usart_basic.o
 .bss           0x00000000        0x0 src/usart_basic.o
 .text.USART_0_enable
                0x00000000       0x22 src/usart_basic.o
 .text.USART_0_enable_rx
                0x00000000       0x22 src/usart_basic.o
 .text.USART_0_enable_tx
                0x00000000       0x22 src/usart_basic.o
 .text.USART_0_disable
                0x00000000       0x22 src/usart_basic.o
 .text.USART_0_get_data
                0x00000000       0x16 src/usart_basic.o
 .text.USART_0_is_tx_ready
                0x00000000       0x28 src/usart_basic.o
 .text.USART_0_is_rx_ready
                0x00000000       0x28 src/usart_basic.o
 .text.USART_0_is_tx_busy
                0x00000000       0x28 src/usart_basic.o
 .text.USART_0_read
                0x00000000       0x24 src/usart_basic.o
 .text.USART_0_write
                0x00000000       0x36 src/usart_basic.o
 .debug_macro   0x00000000      0xa42 src/usart_basic.o
 .debug_macro   0x00000000       0x10 src/usart_basic.o
 .debug_macro   0x00000000      0x1c9 src/usart_basic.o
 .debug_macro   0x00000000      0x2fc src/usart_basic.o
 .debug_macro   0x00000000       0x9e src/usart_basic.o
 .debug_macro   0x00000000      0xe58 src/usart_basic.o
 .debug_macro   0x00000000      0x139 src/usart_basic.o
 .debug_macro   0x00000000       0xbd src/usart_basic.o
 .debug_macro   0x00000000       0x34 src/usart_basic.o
 .debug_macro   0x00000000       0x18 src/usart_basic.o
 .debug_macro   0x00000000       0x34 src/usart_basic.o
 .debug_macro   0x00000000       0x10 src/usart_basic.o
 .debug_macro   0x00000000       0x22 src/usart_basic.o
 .debug_macro   0x00000000      0x16d src/usart_basic.o
 .debug_macro   0x00000000       0x1c src/usart_basic.o
 .debug_macro   0x00000000       0x35 src/usart_basic.o
 .debug_macro   0x00000000       0x66 src/usart_basic.o
 .debug_macro   0x00000000       0x69 src/usart_basic.o
 .debug_macro   0x00000000       0x22 src/usart_basic.o
 .debug_macro   0x00000000       0x1c src/usart_basic.o
 .debug_macro   0x00000000       0x22 src/usart_basic.o
 .debug_macro   0x00000000       0x3b src/usart_basic.o
 .text          0x00000000        0x0 c:/program files (x86)/atmel/studio/7.0/toolchain/avr8/avr8-gnu-toolchain/bin/../lib/gcc/avr/5.4.0/avr4\libgcc.a(_exit.o)
 .data          0x00000000        0x0 c:/program files (x86)/atmel/studio/7.0/toolchain/avr8/avr8-gnu-toolchain/bin/../lib/gcc/avr/5.4.0/avr4\libgcc.a(_exit.o)
 .bss           0x00000000        0x0 c:/program files (x86)/atmel/studio/7.0/toolchain/avr8/avr8-gnu-toolchain/bin/../lib/gcc/avr/5.4.0/avr4\libgcc.a(_exit.o)
 .text.libgcc.mul
                0x00000000        0x0 c:/program files (x86)/atmel/studio/7.0/toolchain/avr8/avr8-gnu-toolchain/bin/../lib/gcc/avr/5.4.0/avr4\libgcc.a(_exit.o)
 .text.libgcc.div
                0x00000000        0x0 c:/program files (x86)/atmel/studio/7.0/toolchain/avr8/avr8-gnu-toolchain/bin/../lib/gcc/avr/5.4.0/avr4\libgcc.a(_exit.o)
 .text.libgcc   0x00000000        0x0 c:/program files (x86)/atmel/studio/7.0/toolchain/avr8/avr8-gnu-toolchain/bin/../lib/gcc/avr/5.4.0/avr4\libgcc.a(_exit.o)
 .text.libgcc.prologue
                0x00000000        0x0 c:/program files (x86)/atmel/studio/7.0/toolchain/avr8/avr8-gnu-toolchain/bin/../lib/gcc/avr/5.4.0/avr4\libgcc.a(_exit.o)
 .text.libgcc.builtins
                0x00000000        0x0 c:/program files (x86)/atmel/studio/7.0/toolchain/avr8/avr8-gnu-toolchain/bin/../lib/gcc/avr/5.4.0/avr4\libgcc.a(_exit.o)
 .text.libgcc.fmul
                0x00000000        0x0 c:/program files (x86)/atmel/studio/7.0/toolchain/avr8/avr8-gnu-toolchain/bin/../lib/gcc/avr/5.4.0/avr4\libgcc.a(_exit.o)
 .text.libgcc.fixed
                0x00000000        0x0 c:/program files (x86)/atmel/studio/7.0/toolchain/avr8/avr8-gnu-toolchain/bin/../lib/gcc/avr/5.4.0/avr4\libgcc.a(_exit.o)
 .text          0x00000000        0x0 c:/program files (x86)/atmel/studio/7.0/toolchain/avr8/avr8-gnu-toolchain/bin/../lib/gcc/avr/5.4.0/avr4\libgcc.a(_copy_data.o)
 .data          0x00000000        0x0 c:/program files (x86)/atmel/studio/7.0/toolchain/avr8/avr8-gnu-toolchain/bin/../lib/gcc/avr/5.4.0/avr4\libgcc.a(_copy_data.o)
 .bss           0x00000000        0x0 c:/program files (x86)/atmel/studio/7.0/toolchain/avr8/avr8-gnu-toolchain/bin/../lib/gcc/avr/5.4.0/avr4\libgcc.a(_copy_data.o)
 .text.libgcc.mul
                0x00000000        0x0 c:/program files (x86)/atmel/studio/7.0/toolchain/avr8/avr8-gnu-toolchain/bin/../lib/gcc/avr/5.4.0/avr4\libgcc.a(_copy_data.o)
 .text.libgcc.div
                0x00000000        0x0 c:/program files (x86)/atmel/studio/7.0/toolchain/avr8/avr8-gnu-toolchain/bin/../lib/gcc/avr/5.4.0/avr4\libgcc.a(_copy_data.o)
 .text.libgcc   0x00000000        0x0 c:/program files (x86)/atmel/studio/7.0/toolchain/avr8/avr8-gnu-toolchain/bin/../lib/gcc/avr/5.4.0/avr4\libgcc.a(_copy_data.o)
 .text.libgcc.prologue
                0x00000000        0x0 c:/program files (x86)/atmel/studio/7.0/toolchain/avr8/avr8-gnu-toolchain/bin/../lib/gcc/avr/5.4.0/avr4\libgcc.a(_copy_data.o)
 .text.libgcc.builtins
                0x00000000        0x0 c:/program files (x86)/atmel/studio/7.0/toolchain/avr8/avr8-gnu-toolchain/bin/../lib/gcc/avr/5.4.0/avr4\libgcc.a(_copy_data.o)
 .text.libgcc.fmul
                0x00000000        0x0 c:/program files (x86)/atmel/studio/7.0/toolchain/avr8/avr8-gnu-toolchain/bin/../lib/gcc/avr/5.4.0/avr4\libgcc.a(_copy_data.o)
 .text.libgcc.fixed
                0x00000000        0x0 c:/program files (x86)/atmel/studio/7.0/toolchain/avr8/avr8-gnu-toolchain/bin/../lib/gcc/avr/5.4.0/avr4\libgcc.a(_copy_data.o)
 .text          0x00000000        0x0 c:/program files (x86)/atmel/studio/7.0/toolchain/avr8/avr8-gnu-toolchain/bin/../lib/gcc/avr/5.4.0/avr4\libgcc.a(_clear_bss.o)
 .data          0x00000000        0x0 c:/program files (x86)/atmel/studio/7.0/toolchain/avr8/avr8-gnu-toolchain/bin/../lib/gcc/avr/5.4.0/avr4\libgcc.a(_clear_bss.o)
 .bss           0x00000000        0x0 c:/program files (x86)/atmel/studio/7.0/toolchain/avr8/avr8-gnu-toolchain/bin/../lib/gcc/avr/5.4.0/avr4\libgcc.a(_clear_bss.o)
 .text.libgcc.mul
                0x00000000        0x0 c:/program files (x86)/atmel/studio/7.0/toolchain/avr8/avr8-gnu-toolchain/bin/../lib/gcc/avr/5.4.0/avr4\libgcc.a(_clear_bss.o)
 .text.libgcc.div
                0x00000000        0x0 c:/program files (x86)/atmel/studio/7.0/toolchain/avr8/avr8-gnu-toolchain/bin/../lib/gcc/avr/5.4.0/avr4\libgcc.a(_clear_bss.o)
 .text.libgcc   0x00000000        0x0 c:/program files (x86)/atmel/studio/7.0/toolchain/avr8/avr8-gnu-toolchain/bin/../lib/gcc/avr/5.4.0/avr4\libgcc.a(_clear_bss.o)
 .text.libgcc.prologue
                0x00000000        0x0 c:/program files (x86)/atmel/studio/7.0/toolchain/avr8/avr8-gnu-toolchain/bin/../lib/gcc/avr/5.4.0/avr4\libgcc.a(_clear_bss.o)
 .text.libgcc.builtins
                0x00000000        0x0 c:/program files (x86)/atmel/studio/7.0/toolchain/avr8/avr8-gnu-toolchain/bin/../lib/gcc/avr/5.4.0/avr4\libgcc.a(_clear_bss.o)
 .text.libgcc.fmul
                0x00000000        0x0 c:/program files (x86)/atmel/studio/7.0/toolchain/avr8/avr8-gnu-toolchain/bin/../lib/gcc/avr/5.4.0/avr4\libgcc.a(_clear_bss.o)
 .text.libgcc.fixed
                0x00000000        0x0 c:/program files (x86)/atmel/studio/7.0/toolchain/avr8/avr8-gnu-toolchain/bin/../lib/gcc/avr/5.4.0/avr4\libgcc.a(_clear_bss.o)
 .text          0x00000000        0x0 c:/program files (x86)/atmel/studio/7.0/toolchain/avr8/avr8-gnu-toolchain/bin/../lib/gcc/avr/5.4.0/../../../../avr/lib/avr4\libc.a(memset.o)
 .data          0x00000000        0x0 c:/program files (x86)/atmel/studio/7.0/toolchain/avr8/avr8-gnu-toolchain/bin/../lib/gcc/avr/5.4.0/../../../../avr/lib/avr4\libc.a(memset.o)
 .bss           0x00000000        0x0 c:/program files (x86)/atmel/studio/7.0/toolchain/avr8/avr8-gnu-toolchain/bin/../lib/gcc/avr/5.4.0/../../../../avr/lib/avr4\libc.a(memset.o)
 .text.avr-libc
                0x00000000        0xe c:/program files (x86)/atmel/studio/7.0/toolchain/avr8/avr8-gnu-toolchain/bin/../lib/gcc/avr/5.4.0/../../../../avr/lib/avr4\libc.a(memset.o)
 .text          0x00000000        0x0 c:/program files (x86)/atmel/studio/7.0/toolchain/avr8/avr8-gnu-toolchain/bin/../lib/gcc/avr/5.4.0/../../../../avr/lib/avr4\libc.a(strncmp.o)
 .data          0x00000000        0x0 c:/program files (x86)/atmel/studio/7.0/toolchain/avr8/avr8-gnu-toolchain/bin/../lib/gcc/avr/5.4.0/../../../../avr/lib/avr4\libc.a(strncmp.o)
 .bss           0x00000000        0x0 c:/program files (x86)/atmel/studio/7.0/toolchain/avr8/avr8-gnu-toolchain/bin/../lib/gcc/avr/5.4.0/../../../../avr/lib/avr4\libc.a(strncmp.o)
 .text.avr-libc
                0x00000000       0x1c c:/program files (x86)/atmel/studio/7.0/toolchain/avr8/avr8-gnu-toolchain/bin/../lib/gcc/avr/5.4.0/../../../../avr/lib/avr4\libc.a(strncmp.o)
 .text          0x00000000        0x0 c:/program files (x86)/atmel/studio/7.0/toolchain/avr8/avr8-gnu-toolchain/bin/../lib/gcc/avr/5.4.0/../../../../avr/lib/avr4\libc.a(printf.o)
 .data          0x00000000        0x0 c:/program files (x86)/atmel/studio/7.0/toolchain/avr8/avr8-gnu-toolchain/bin/../lib/gcc/avr/5.4.0/../../../../avr/lib/avr4\libc.a(printf.o)
 .bss           0x00000000        0x0 c:/program files (x86)/atmel/studio/7.0/toolchain/avr8/avr8-gnu-toolchain/bin/../lib/gcc/avr/5.4.0/../../../../avr/lib/avr4\libc.a(printf.o)
 .text.avr-libc
                0x00000000       0x26 c:/program files (x86)/atmel/studio/7.0/toolchain/avr8/avr8-gnu-toolchain/bin/../lib/gcc/avr/5.4.0/../../../../avr/lib/avr4\libc.a(printf.o)
 .comment       0x00000000       0x31 c:/program files (x86)/atmel/studio/7.0/toolchain/avr8/avr8-gnu-toolchain/bin/../lib/gcc/avr/5.4.0/../../../../avr/lib/avr4\libc.a(printf.o)
 .text          0x00000000        0x0 c:/program files (x86)/atmel/studio/7.0/toolchain/avr8/avr8-gnu-toolchain/bin/../lib/gcc/avr/5.4.0/../../../../avr/lib/avr4\libc.a(vfprintf_std.o)
 .data          0x00000000        0x0 c:/program files (x86)/atmel/studio/7.0/toolchain/avr8/avr8-gnu-toolchain/bin/../lib/gcc/avr/5.4.0/../../../../avr/lib/avr4\libc.a(vfprintf_std.o)
 .bss           0x00000000        0x0 c:/program files (x86)/atmel/studio/7.0/toolchain/avr8/avr8-gnu-toolchain/bin/../lib/gcc/avr/5.4.0/../../../../avr/lib/avr4\libc.a(vfprintf_std.o)
 .text.avr-libc
                0x00000000      0x3a4 c:/program files (x86)/atmel/studio/7.0/toolchain/avr8/avr8-gnu-toolchain/bin/../lib/gcc/avr/5.4.0/../../../../avr/lib/avr4\libc.a(vfprintf_std.o)
 .comment       0x00000000       0x2d c:/program files (x86)/atmel/studio/7.0/toolchain/avr8/avr8-gnu-toolchain/bin/../lib/gcc/avr/5.4.0/../../../../avr/lib/avr4\libc.a(vfprintf_std.o)
 .text          0x00000000        0x0 c:/program files (x86)/atmel/studio/7.0/toolchain/avr8/avr8-gnu-toolchain/bin/../lib/gcc/avr/5.4.0/../../../../avr/lib/avr4\libc.a(strnlen_P.o)
 .data          0x00000000        0x0 c:/program files (x86)/atmel/studio/7.0/toolchain/avr8/avr8-gnu-toolchain/bin/../lib/gcc/avr/5.4.0/../../../../avr/lib/avr4\libc.a(strnlen_P.o)
 .bss           0x00000000        0x0 c:/program files (x86)/atmel/studio/7.0/toolchain/avr8/avr8-gnu-toolchain/bin/../lib/gcc/avr/5.4.0/../../../../avr/lib/avr4\libc.a(strnlen_P.o)
 .text.avr-libc
                0x00000000       0x16 c:/program files (x86)/atmel/studio/7.0/toolchain/avr8/avr8-gnu-toolchain/bin/../lib/gcc/avr/5.4.0/../../../../avr/lib/avr4\libc.a(strnlen_P.o)
 .text          0x00000000        0x0 c:/program files (x86)/atmel/studio/7.0/toolchain/avr8/avr8-gnu-toolchain/bin/../lib/gcc/avr/5.4.0/../../../../avr/lib/avr4\libc.a(strnlen.o)
 .data          0x00000000        0x0 c:/program files (x86)/atmel/studio/7.0/toolchain/avr8/avr8-gnu-toolchain/bin/../lib/gcc/avr/5.4.0/../../../../avr/lib/avr4\libc.a(strnlen.o)
 .bss           0x00000000        0x0 c:/program files (x86)/atmel/studio/7.0/toolchain/avr8/avr8-gnu-toolchain/bin/../lib/gcc/avr/5.4.0/../../../../avr/lib/avr4\libc.a(strnlen.o)
 .text.avr-libc
                0x00000000       0x16 c:/program files (x86)/atmel/studio/7.0/toolchain/avr8/avr8-gnu-toolchain/bin/../lib/gcc/avr/5.4.0/../../../../avr/lib/avr4\libc.a(strnlen.o)
 .text          0x00000000        0x0 c:/program files (x86)/atmel/studio/7.0/toolchain/avr8/avr8-gnu-toolchain/bin/../lib/gcc/avr/5.4.0/../../../../avr/lib/avr4\libc.a(fputc.o)
 .data          0x00000000        0x0 c:/program files (x86)/atmel/studio/7.0/toolchain/avr8/avr8-gnu-toolchain/bin/../lib/gcc/avr/5.4.0/../../../../avr/lib/avr4\libc.a(fputc.o)
 .bss           0x00000000        0x0 c:/program files (x86)/atmel/studio/7.0/toolchain/avr8/avr8-gnu-toolchain/bin/../lib/gcc/avr/5.4.0/../../../../avr/lib/avr4\libc.a(fputc.o)
 .text.avr-libc
                0x00000000       0x78 c:/program files (x86)/atmel/studio/7.0/toolchain/avr8/avr8-gnu-toolchain/bin/../lib/gcc/avr/5.4.0/../../../../avr/lib/avr4\libc.a(fputc.o)
 .comment       0x00000000       0x31 c:/program files (x86)/atmel/studio/7.0/toolchain/avr8/avr8-gnu-toolchain/bin/../lib/gcc/avr/5.4.0/../../../../avr/lib/avr4\libc.a(fputc.o)
 .text          0x00000000        0x0 c:/program files (x86)/atmel/studio/7.0/toolchain/avr8/avr8-gnu-toolchain/bin/../lib/gcc/avr/5.4.0/../../../../avr/lib/avr4\libc.a(iob.o)
 .data          0x00000000        0x0 c:/program files (x86)/atmel/studio/7.0/toolchain/avr8/avr8-gnu-toolchain/bin/../lib/gcc/avr/5.4.0/../../../../avr/lib/avr4\libc.a(iob.o)
 .bss           0x00000000        0x0 c:/program files (x86)/atmel/studio/7.0/toolchain/avr8/avr8-gnu-toolchain/bin/../lib/gcc/avr/5.4.0/../../../../avr/lib/avr4\libc.a(iob.o)
 .comment       0x00000000       0x31 c:/program files (x86)/atmel/studio/7.0/toolchain/avr8/avr8-gnu-toolchain/bin/../lib/gcc/avr/5.4.0/../../../../avr/lib/avr4\libc.a(iob.o)
 COMMON         0x00000000        0x6 c:/program files (x86)/atmel/studio/7.0/toolchain/avr8/avr8-gnu-toolchain/bin/../lib/gcc/avr/5.4.0/../../../../avr/lib/avr4\libc.a(iob.o)
 .text          0x00000000        0x0 c:/program files (x86)/atmel/studio/7.0/toolchain/avr8/avr8-gnu-toolchain/bin/../lib/gcc/avr/5.4.0/../../../../avr/lib/avr4\libc.a(ultoa_invert.o)
 .data          0x00000000        0x0 c:/program files (x86)/atmel/studio/7.0/toolchain/avr8/avr8-gnu-toolchain/bin/../lib/gcc/avr/5.4.0/../../../../avr/lib/avr4\libc.a(ultoa_invert.o)
 .bss           0x00000000        0x0 c:/program files (x86)/atmel/studio/7.0/toolchain/avr8/avr8-gnu-toolchain/bin/../lib/gcc/avr/5.4.0/../../../../avr/lib/avr4\libc.a(ultoa_invert.o)
 .text.avr-libc
                0x00000000       0xbc c:/program files (x86)/atmel/studio/7.0/toolchain/avr8/avr8-gnu-toolchain/bin/../lib/gcc/avr/5.4.0/../../../../avr/lib/avr4\libc.a(ultoa_invert.o)
 .text          0x00000000        0x0 c:/program files (x86)/atmel/studio/7.0/toolchain/avr8/avr8-gnu-toolchain/bin/../lib/gcc/avr/5.4.0/avr4\libgcc.a(_prologue.o)
 .data          0x00000000        0x0 c:/program files (x86)/atmel/studio/7.0/toolchain/avr8/avr8-gnu-toolchain/bin/../lib/gcc/avr/5.4.0/avr4\libgcc.a(_prologue.o)
 .bss           0x00000000        0x0 c:/program files (x86)/atmel/studio/7.0/toolchain/avr8/avr8-gnu-toolchain/bin/../lib/gcc/avr/5.4.0/avr4\libgcc.a(_prologue.o)
 .text.libgcc.mul
                0x00000000        0x0 c:/program files (x86)/atmel/studio/7.0/toolchain/avr8/avr8-gnu-toolchain/bin/../lib/gcc/avr/5.4.0/avr4\libgcc.a(_prologue.o)
 .text.libgcc.div
                0x00000000        0x0 c:/program files (x86)/atmel/studio/7.0/toolchain/avr8/avr8-gnu-toolchain/bin/../lib/gcc/avr/5.4.0/avr4\libgcc.a(_prologue.o)
 .text.libgcc   0x00000000        0x0 c:/program files (x86)/atmel/studio/7.0/toolchain/avr8/avr8-gnu-toolchain/bin/../lib/gcc/avr/5.4.0/avr4\libgcc.a(_prologue.o)
 .text.libgcc.prologue
                0x00000000       0x38 c:/program files (x86)/atmel/studio/7.0/toolchain/avr8/avr8-gnu-toolchain/bin/../lib/gcc/avr/5.4.0/avr4\libgcc.a(_prologue.o)
 .text.libgcc.builtins
                0x00000000        0x0 c:/program files (x86)/atmel/studio/7.0/toolchain/avr8/avr8-gnu-toolchain/bin/../lib/gcc/avr/5.4.0/avr4\libgcc.a(_prologue.o)
 .text.libgcc.fmul
                0x00000000        0x0 c:/program files (x86)/atmel/studio/7.0/toolchain/avr8/avr8-gnu-toolchain/bin/../lib/gcc/avr/5.4.0/avr4\libgcc.a(_prologue.o)
 .text.libgcc.fixed
                0x00000000        0x0 c:/program files (x86)/atmel/studio/7.0/toolchain/avr8/avr8-gnu-toolchain/bin/../lib/gcc/avr/5.4.0/avr4\libgcc.a(_prologue.o)
 .text          0x00000000        0x0 c:/program files (x86)/atmel/studio/7.0/toolchain/avr8/avr8-gnu-toolchain/bin/../lib/gcc/avr/5.4.0/avr4\libgcc.a(_epilogue.o)
 .data          0x00000000        0x0 c:/program files (x86)/atmel/studio/7.0/toolchain/avr8/avr8-gnu-toolchain/bin/../lib/gcc/avr/5.4.0/avr4\libgcc.a(_epilogue.o)
 .bss           0x00000000        0x0 c:/program files (x86)/atmel/studio/7.0/toolchain/avr8/avr8-gnu-toolchain/bin/../lib/gcc/avr/5.4.0/avr4\libgcc.a(_epilogue.o)
 .text.libgcc.mul
                0x00000000        0x0 c:/program files (x86)/atmel/studio/7.0/toolchain/avr8/avr8-gnu-toolchain/bin/../lib/gcc/avr/5.4.0/avr4\libgcc.a(_epilogue.o)
 .text.libgcc.div
                0x00000000        0x0 c:/program files (x86)/atmel/studio/7.0/toolchain/avr8/avr8-gnu-toolchain/bin/../lib/gcc/avr/5.4.0/avr4\libgcc.a(_epilogue.o)
 .text.libgcc   0x00000000        0x0 c:/program files (x86)/atmel/studio/7.0/toolchain/avr8/avr8-gnu-toolchain/bin/../lib/gcc/avr/5.4.0/avr4\libgcc.a(_epilogue.o)
 .text.libgcc.prologue
                0x00000000       0x36 c:/program files (x86)/atmel/studio/7.0/toolchain/avr8/avr8-gnu-toolchain/bin/../lib/gcc/avr/5.4.0/avr4\libgcc.a(_epilogue.o)
 .text.libgcc.builtins
                0x00000000        0x0 c:/program files (x86)/atmel/studio/7.0/toolchain/avr8/avr8-gnu-toolchain/bin/../lib/gcc/avr/5.4.0/avr4\libgcc.a(_epilogue.o)
 .text.libgcc.fmul
                0x00000000        0x0 c:/program files (x86)/atmel/studio/7.0/toolchain/avr8/avr8-gnu-toolchain/bin/../lib/gcc/avr/5.4.0/avr4\libgcc.a(_epilogue.o)
 .text.libgcc.fixed
                0x00000000        0x0 c:/program files (x86)/atmel/studio/7.0/toolchain/avr8/avr8-gnu-toolchain/bin/../lib/gcc/avr/5.4.0/avr4\libgcc.a(_epilogue.o)

Memory Configuration

Name             Origin             Length             Attributes
text             0x00000000         0x00001000         xr
data             0x00800100         0x00000200         rw !x
eeprom           0x00810000         0x00000100         rw !x
fuse             0x00820000         0x00000003         rw !x
lock             0x00830000         0x00000400         rw !x
signature        0x00840000         0x00000400         rw !x
user_signatures  0x00850000         0x00000400         rw !x
*default*        0x00000000         0xffffffff

Linker script and memory map

Address of section .data set to 0x800100
LOAD C:/Program Files (x86)/Atmel/Studio/7.0/Packs/Atmel/ATmega_DFP/1.6.364/gcc/dev/atmega48/avr4/crtatmega48.o
LOAD atmel_start.o
LOAD driver_isr.o
LOAD examples/src/adc_basic_example.o
LOAD examples/src/usart_basic_example.o
LOAD main.o
LOAD src/adc_basic.o
LOAD src/driver_init.o
LOAD src/protected_io.o
LOAD src/usart_basic.o
START GROUP
LOAD c:/program files (x86)/atmel/studio/7.0/toolchain/avr8/avr8-gnu-toolchain/bin/../lib/gcc/avr/5.4.0/../../../../avr/lib/avr4\libm.a
END GROUP
START GROUP
LOAD c:/program files (x86)/atmel/studio/7.0/toolchain/avr8/avr8-gnu-toolchain/bin/../lib/gcc/avr/5.4.0/avr4\libgcc.a
LOAD c:/program files (x86)/atmel/studio/7.0/toolchain/avr8/avr8-gnu-toolchain/bin/../lib/gcc/avr/5.4.0/../../../../avr/lib/avr4\libm.a
LOAD c:/program files (x86)/atmel/studio/7.0/toolchain/avr8/avr8-gnu-toolchain/bin/../lib/gcc/avr/5.4.0/../../../../avr/lib/avr4\libc.a
LOAD C:/Program Files (x86)/Atmel/Studio/7.0/Packs/Atmel/ATmega_DFP/1.6.364/gcc/dev/atmega48/avr4\libatmega48.a
END GROUP
                0x00000000                __TEXT_REGION_ORIGIN__ = DEFINED (__TEXT_REGION_ORIGIN__)?__TEXT_REGION_ORIGIN__:0x0
                [0x00800100]                __DATA_REGION_ORIGIN__ = DEFINED (__DATA_REGION_ORIGIN__)?__DATA_REGION_ORIGIN__:0x800060
                [0x00001000]                __TEXT_REGION_LENGTH__ = DEFINED (__TEXT_REGION_LENGTH__)?__TEXT_REGION_LENGTH__:0x2000
                [0x00000200]                __DATA_REGION_LENGTH__ = DEFINED (__DATA_REGION_LENGTH__)?__DATA_REGION_LENGTH__:0xffa0
                [0x00000100]                __EEPROM_REGION_LENGTH__ = DEFINED (__EEPROM_REGION_LENGTH__)?__EEPROM_REGION_LENGTH__:0x10000
                [0x00000003]                __FUSE_REGION_LENGTH__ = DEFINED (__FUSE_REGION_LENGTH__)?__FUSE_REGION_LENGTH__:0x400
                0x00000400                __LOCK_REGION_LENGTH__ = DEFINED (__LOCK_REGION_LENGTH__)?__LOCK_REGION_LENGTH__:0x400
                0x00000400                __SIGNATURE_REGION_LENGTH__ = DEFINED (__SIGNATURE_REGION_LENGTH__)?__SIGNATURE_REGION_LENGTH__:0x400
                0x00000400                __USER_SIGNATURE_REGION_LENGTH__ = DEFINED (__USER_SIGNATURE_REGION_LENGTH__)?__USER_SIGNATURE_REGION_LENGTH__:0x400

.hash
 *(.hash)

.dynsym
 *(.dynsym)

.dynstr
 *(.dynstr)

.gnu.version
 *(.gnu.version)

.gnu.version_d
 *(.gnu.version_d)

.gnu.version_r
 *(.gnu.version_r)

.rel.init
 *(.rel.init)

.rela.init
 *(.rela.init)

.rel.text
 *(.rel.text)
 *(.rel.text.*)
 *(.rel.gnu.linkonce.t*)

.rela.text
 *(.rela.text)
 *(.rela.text.*)
 *(.rela.gnu.linkonce.t*)

.rel.fini
 *(.rel.fini)

.rela.fini
 *(.rela.fini)

.rel.rodata
 *(.rel.rodata)
 *(.rel.rodata.*)
 *(.rel.gnu.linkonce.r*)

.rela.rodata
 *(.rela.rodata)
 *(.rela.rodata.*)
 *(.rela.gnu.linkonce.r*)

.rel.data
 *(.rel.data)
 *(.rel.data.*)
 *(.rel.gnu.linkonce.d*)

.rela.data
 *(.rela.data)
 *(.rela.data.*)
 *(.rela.gnu.linkonce.d*)

.rel.ctors
 *(.rel.ctors)

.rela.ctors
 *(.rela.ctors)

.rel.dtors
 *(.rel.dtors)

.rela.dtors
 *(.rela.dtors)

.rel.got
 *(.rel.got)

.rela.got
 *(.rela.got)

.rel.bss
 *(.rel.bss)

.rela.bss
 *(.rela.bss)

.rel.plt
 *(.rel.plt)

.rela.plt
 *(.rela.plt)

.text           0x00000000      0x79a
 *(.vectors)
 .vectors       0x00000000       0x34 C:/Program Files (x86)/Atmel/Studio/7.0/Packs/Atmel/ATmega_DFP/1.6.364/gcc/dev/atmega48/avr4/crtatmega48.o
                0x00000000                __vector_default
                0x00000000                __vectors
 *(.vectors)
 *(.progmem.gcc*)
                0x00000034                . = ALIGN (0x2)
                0x00000034                __trampolines_start = .
 *(.trampolines)
 .trampolines   0x00000034        0x0 linker stubs
 *(.trampolines*)
                0x00000034                __trampolines_end = .
 *libprintf_flt.a:*(.progmem.data)
 *libc.a:*(.progmem.data)
 *(.progmem*)
                0x00000034                . = ALIGN (0x2)
 *(.jumptables)
 *(.jumptables*)
 *(.lowtext)
 *(.lowtext*)
                0x00000034                __ctors_start = .
 *(.ctors)
                0x00000034                __ctors_end = .
                0x00000034                __dtors_start = .
 *(.dtors)
                0x00000034                __dtors_end = .
 SORT(*)(.ctors)
 SORT(*)(.dtors)
 *(.init0)
 .init0         0x00000034        0x0 C:/Program Files (x86)/Atmel/Studio/7.0/Packs/Atmel/ATmega_DFP/1.6.364/gcc/dev/atmega48/avr4/crtatmega48.o
                0x00000034                __init
 *(.init0)
 *(.init1)
 *(.init1)
 *(.init2)
 .init2         0x00000034        0xc C:/Program Files (x86)/Atmel/Studio/7.0/Packs/Atmel/ATmega_DFP/1.6.364/gcc/dev/atmega48/avr4/crtatmega48.o
 *(.init2)
 *(.init3)
 *(.init3)
 *(.init4)
 .init4         0x00000040       0x16 c:/program files (x86)/atmel/studio/7.0/toolchain/avr8/avr8-gnu-toolchain/bin/../lib/gcc/avr/5.4.0/avr4\libgcc.a(_copy_data.o)
                0x00000040                __do_copy_data
 .init4         0x00000056       0x10 c:/program files (x86)/atmel/studio/7.0/toolchain/avr8/avr8-gnu-toolchain/bin/../lib/gcc/avr/5.4.0/avr4\libgcc.a(_clear_bss.o)
                0x00000056                __do_clear_bss
 *(.init4)
 *(.init5)
 *(.init5)
 *(.init6)
 *(.init6)
 *(.init7)
 *(.init7)
 *(.init8)
 *(.init8)
 *(.init9)
 .init9         0x00000066        0x4 C:/Program Files (x86)/Atmel/Studio/7.0/Packs/Atmel/ATmega_DFP/1.6.364/gcc/dev/atmega48/avr4/crtatmega48.o
 *(.init9)
 *(.text)
 .text          0x0000006a        0x2 C:/Program Files (x86)/Atmel/Studio/7.0/Packs/Atmel/ATmega_DFP/1.6.364/gcc/dev/atmega48/avr4/crtatmega48.o
                0x0000006a                __vector_22
                0x0000006a                __vector_1
                0x0000006a                __vector_24
                0x0000006a                __vector_12
                0x0000006a                __bad_interrupt
                0x0000006a                __vector_6
                0x0000006a                __vector_3
                0x0000006a                __vector_23
                0x0000006a                __vector_25
                0x0000006a                __vector_11
                0x0000006a                __vector_13
                0x0000006a                __vector_17
                0x0000006a                __vector_19
                0x0000006a                __vector_7
                0x0000006a                __vector_5
                0x0000006a                __vector_4
                0x0000006a                __vector_9
                0x0000006a                __vector_2
                0x0000006a                __vector_21
                0x0000006a                __vector_15
                0x0000006a                __vector_8
                0x0000006a                __vector_14
                0x0000006a                __vector_10
                0x0000006a                __vector_16
                0x0000006a                __vector_18
                0x0000006a                __vector_20
                0x0000006c                . = ALIGN (0x2)
 *(.text.*)
 .text.atmel_start_init
                0x0000006c       0x12 atmel_start.o
                0x0000006c                atmel_start_init
 .text.main     0x0000007e       0x1a main.o
                0x0000007e                main
 .text.ADC_0_init
                0x00000098       0x3c src/adc_basic.o
                0x00000098                ADC_0_init
 .text.ADC_0_start_conversion
                0x000000d4       0x56 src/adc_basic.o
                0x000000d4                ADC_0_start_conversion
 .text.ADC_0_is_conversion_done
                0x0000012a       0x28 src/adc_basic.o
                0x0000012a                ADC_0_is_conversion_done
 .text.ADC_0_get_conversion_result
                0x00000152       0x2e src/adc_basic.o
                0x00000152                ADC_0_get_conversion_result
 .text.ADC_0_get_conversion
                0x00000180       0x48 src/adc_basic.o
                0x00000180                ADC_0_get_conversion
 .text.PORTB_set_port_dir
                0x000001c8       0x90 src/driver_init.o
 .text.PORTC_set_pin_pull_mode
                0x00000258       0xa4 src/driver_init.o
 .text.PORTC_set_port_dir
                0x000002fc       0x90 src/driver_init.o
 .text.PORTD_set_pin_pull_mode
                0x0000038c       0xa4 src/driver_init.o
 .text.PORTD_set_port_dir
                0x00000430       0x90 src/driver_init.o
 .text.PORTD_set_pin_dir
                0x000004c0       0xdc src/driver_init.o
 .text.PORTD_set_pin_level
                0x0000059c       0x74 src/driver_init.o
 .text.ana_in_set_pull_mode
                0x00000610       0x1c src/driver_init.o
 .text.PD0_set_pull_mode
                0x0000062c       0x1c src/driver_init.o
 .text.PD0_set_dir
                0x00000648       0x1c src/driver_init.o
 .text.PD1_set_dir
                0x00000664       0x1c src/driver_init.o
 .text.PD1_set_level
                0x00000680       0x1c src/driver_init.o
 .text.sysctrl_init
                0x0000069c       0x2a src/driver_init.o
 .text.mcu_init
                0x000006c6       0x2c src/driver_init.o
 .text.ADC_0_initialization
                0x000006f2       0x12 src/driver_init.o
                0x000006f2                ADC_0_initialization
 .text.USART_0_initialization
                0x00000704       0x22 src/driver_init.o
                0x00000704                USART_0_initialization
 .text.system_init
                0x00000726       0x1c src/driver_init.o
                0x00000726                system_init
 .text.protected_write_io
                0x00000742        0xe src/protected_io.o
                0x00000742                protected_write_io
 .text.USART_0_init
                0x00000750       0x46 src/usart_basic.o
                0x00000750                USART_0_init
                0x00000796                . = ALIGN (0x2)
 *(.fini9)
 .fini9         0x00000796        0x0 c:/program files (x86)/atmel/studio/7.0/toolchain/avr8/avr8-gnu-toolchain/bin/../lib/gcc/avr/5.4.0/avr4\libgcc.a(_exit.o)
                0x00000796                _exit
                0x00000796                exit
 *(.fini9)
 *(.fini8)
 *(.fini8)
 *(.fini7)
 *(.fini7)
 *(.fini6)
 *(.fini6)
 *(.fini5)
 *(.fini5)
 *(.fini4)
 *(.fini4)
 *(.fini3)
 *(.fini3)
 *(.fini2)
 *(.fini2)
 *(.fini1)
 *(.fini1)
 *(.fini0)
 .fini0         0x00000796        0x4 c:/program files (x86)/atmel/studio/7.0/toolchain/avr8/avr8-gnu-toolchain/bin/../lib/gcc/avr/5.4.0/avr4\libgcc.a(_exit.o)
 *(.fini0)
                0x0000079a                _etext = .

.data           0x00800100        0x0 load address 0x0000079a
                0x00800100                PROVIDE (__data_start, .)
 *(.data)
 *(.data*)
 *(.gnu.linkonce.d*)
 *(.rodata)
 *(.rodata*)
 *(.gnu.linkonce.r*)
                0x00800100                . = ALIGN (0x2)
                0x00800100                _edata = .
                0x00800100                PROVIDE (__data_end, .)

.bss            0x00800100        0x0
                0x00800100                PROVIDE (__bss_start, .)
 *(.bss)
 *(.bss*)
 *(COMMON)
                0x00800100                PROVIDE (__bss_end, .)
                0x0000079a                __data_load_start = LOADADDR (.data)
                0x0000079a                __data_load_end = (__data_load_start + SIZEOF (.data))

.noinit         0x00800100        0x0
                [!provide]                PROVIDE (__noinit_start, .)
 *(.noinit*)
                [!provide]                PROVIDE (__noinit_end, .)
                0x00800100                _end = .
                [!provide]                PROVIDE (__heap_start, .)

.eeprom         0x00810000        0x0
 *(.eeprom*)
                0x00810000                __eeprom_end = .

.fuse
 *(.fuse)
 *(.lfuse)
 *(.hfuse)
 *(.efuse)

.lock
 *(.lock*)

.signature
 *(.signature*)

.user_signatures
 *(.user_signatures*)

.stab
 *(.stab)

.stabstr
 *(.stabstr)

.stab.excl
 *(.stab.excl)

.stab.exclstr
 *(.stab.exclstr)

.stab.index
 *(.stab.index)

.stab.indexstr
 *(.stab.indexstr)

.comment        0x00000000       0x30
 *(.comment)
 .comment       0x00000000       0x30 atmel_start.o
                                 0x31 (size before relaxing)
 .comment       0x00000030       0x31 main.o
 .comment       0x00000030       0x31 src/adc_basic.o
 .comment       0x00000030       0x31 src/driver_init.o
 .comment       0x00000030       0x31 src/usart_basic.o

.note.gnu.avr.deviceinfo
                0x00000000       0x3c
 .note.gnu.avr.deviceinfo
                0x00000000       0x3c C:/Program Files (x86)/Atmel/Studio/7.0/Packs/Atmel/ATmega_DFP/1.6.364/gcc/dev/atmega48/avr4/crtatmega48.o

.note.gnu.build-id
 *(.note.gnu.build-id)

.debug
 *(.debug)

.line
 *(.line)

.debug_srcinfo
 *(.debug_srcinfo)

.debug_sfnames
 *(.debug_sfnames)

.debug_aranges  0x00000000      0x1c8
 *(.debug_aranges)
 .debug_aranges
                0x00000000       0x20 atmel_start.o
 .debug_aranges
                0x00000020       0x20 main.o
 .debug_aranges
                0x00000040       0x58 src/adc_basic.o
 .debug_aranges
                0x00000098       0xa0 src/driver_init.o
 .debug_aranges
                0x00000138       0x20 src/protected_io.o
 .debug_aranges
                0x00000158       0x70 src/usart_basic.o

.debug_pubnames
 *(.debug_pubnames)

.debug_info     0x00000000      0xe44
 *(.debug_info .gnu.linkonce.wi.*)
 .debug_info    0x00000000      0x5f4 C:/Program Files (x86)/Atmel/Studio/7.0/Packs/Atmel/ATmega_DFP/1.6.364/gcc/dev/atmega48/avr4/crtatmega48.o
 .debug_info    0x000005f4       0x7c atmel_start.o
 .debug_info    0x00000670       0x8d main.o
 .debug_info    0x000006fd      0x197 src/adc_basic.o
 .debug_info    0x00000894      0x397 src/driver_init.o
 .debug_info    0x00000c2b       0x7d src/protected_io.o
 .debug_info    0x00000ca8      0x19c src/usart_basic.o

.debug_abbrev   0x00000000      0x906
 *(.debug_abbrev)
 .debug_abbrev  0x00000000      0x5a2 C:/Program Files (x86)/Atmel/Studio/7.0/Packs/Atmel/ATmega_DFP/1.6.364/gcc/dev/atmega48/avr4/crtatmega48.o
 .debug_abbrev  0x000005a2       0x47 atmel_start.o
 .debug_abbrev  0x000005e9       0x58 main.o
 .debug_abbrev  0x00000641       0xd8 src/adc_basic.o
 .debug_abbrev  0x00000719      0x125 src/driver_init.o
 .debug_abbrev  0x0000083e       0x14 src/protected_io.o
 .debug_abbrev  0x00000852       0xb4 src/usart_basic.o

.debug_line     0x00000000     0x180d
 *(.debug_line .debug_line.* .debug_line_end)
 .debug_line    0x00000000      0x134 C:/Program Files (x86)/Atmel/Studio/7.0/Packs/Atmel/ATmega_DFP/1.6.364/gcc/dev/atmega48/avr4/crtatmega48.o
 .debug_line    0x00000134      0x362 atmel_start.o
 .debug_line    0x00000496      0x36f main.o
 .debug_line    0x00000805      0x3e5 src/adc_basic.o
 .debug_line    0x00000bea      0x6b5 src/driver_init.o
 .debug_line    0x0000129f       0x67 src/protected_io.o
 .debug_line    0x00001306      0x507 src/usart_basic.o

.debug_frame    0x00000000      0x524
 *(.debug_frame)
 .debug_frame   0x00000000       0x34 atmel_start.o
 .debug_frame   0x00000034       0x34 main.o
 .debug_frame   0x00000068      0x114 src/adc_basic.o
 .debug_frame   0x0000017c      0x234 src/driver_init.o
 .debug_frame   0x000003b0      0x174 src/usart_basic.o

.debug_str      0x00000000     0x74a4
 *(.debug_str)
 .debug_str     0x00000000      0x209 C:/Program Files (x86)/Atmel/Studio/7.0/Packs/Atmel/ATmega_DFP/1.6.364/gcc/dev/atmega48/avr4/crtatmega48.o
 .debug_str     0x00000209     0x6e08 atmel_start.o
                               0x6f22 (size before relaxing)
 .debug_str     0x00007011       0x11 main.o
                               0x6f0f (size before relaxing)
 .debug_str     0x00007022       0xe5 src/adc_basic.o
                               0x6b72 (size before relaxing)
 .debug_str     0x00007107      0x230 src/driver_init.o
                               0x715c (size before relaxing)
 .debug_str     0x00007337      0x16d src/usart_basic.o
                               0x7085 (size before relaxing)

.debug_loc      0x00000000      0x992
 *(.debug_loc)
 .debug_loc     0x00000000       0x3b atmel_start.o
 .debug_loc     0x0000003b       0x48 main.o
 .debug_loc     0x00000083      0x1f2 src/adc_basic.o
 .debug_loc     0x00000275      0x487 src/driver_init.o
 .debug_loc     0x000006fc      0x296 src/usart_basic.o

.debug_macinfo
 *(.debug_macinfo)

.debug_weaknames
 *(.debug_weaknames)

.debug_funcnames
 *(.debug_funcnames)

.debug_typenames
 *(.debug_typenames)

.debug_varnames
 *(.debug_varnames)

.debug_pubtypes
 *(.debug_pubtypes)

.debug_ranges   0x00000000      0x158
 *(.debug_ranges)
 .debug_ranges  0x00000000       0x10 atmel_start.o
 .debug_ranges  0x00000010       0x10 main.o
 .debug_ranges  0x00000020       0x48 src/adc_basic.o
 .debug_ranges  0x00000068       0x90 src/driver_init.o
 .debug_ranges  0x000000f8       0x60 src/usart_basic.o

.debug_macro    0x00000000     0x2ab0
 *(.debug_macro)
 .debug_macro   0x00000000      0x15e atmel_start.o
 .debug_macro   0x0000015e      0xa42 atmel_start.o
 .debug_macro   0x00000ba0       0x10 atmel_start.o
 .debug_macro   0x00000bb0      0x1c9 atmel_start.o
 .debug_macro   0x00000d79      0x2fc atmel_start.o
 .debug_macro   0x00001075       0x9e atmel_start.o
 .debug_macro   0x00001113      0xe58 atmel_start.o
 .debug_macro   0x00001f6b      0x139 atmel_start.o
 .debug_macro   0x000020a4       0xbd atmel_start.o
 .debug_macro   0x00002161       0x34 atmel_start.o
 .debug_macro   0x00002195       0x18 atmel_start.o
 .debug_macro   0x000021ad       0x34 atmel_start.o
 .debug_macro   0x000021e1       0x10 atmel_start.o
 .debug_macro   0x000021f1       0x22 atmel_start.o
 .debug_macro   0x00002213      0x16d atmel_start.o
 .debug_macro   0x00002380       0x1c atmel_start.o
 .debug_macro   0x0000239c       0x35 atmel_start.o
 .debug_macro   0x000023d1       0x66 atmel_start.o
 .debug_macro   0x00002437       0x69 atmel_start.o
 .debug_macro   0x000024a0       0x22 atmel_start.o
 .debug_macro   0x000024c2       0x1c atmel_start.o
 .debug_macro   0x000024de       0x22 atmel_start.o
 .debug_macro   0x00002500       0x3b atmel_start.o
 .debug_macro   0x0000253b      0x15e main.o
 .debug_macro   0x00002699       0xef src/adc_basic.o
 .debug_macro   0x00002788      0x171 src/driver_init.o
 .debug_macro   0x000028f9       0x1c src/driver_init.o
 .debug_macro   0x00002915      0x16d src/usart_basic.o
 .debug_macro   0x00002a82       0x2e src/usart_basic.o
OUTPUT(mq3_2.elf elf32-avr)
LOAD linker stubs
